// Jest Snapshot v1, https://goo.gl/fbAQLP

exports[`App Test should Main render 1`] = `
<DocumentFragment>
  <div
    class="MuiBox-root css-pw09vk"
    data-testid="not-found-page"
  >
    <h1
      class="MuiTypography-root MuiTypography-h1 css-o2w69a-MuiTypography-root"
      style="color: white;"
    >
      404
    </h1>
    <h6
      class="MuiTypography-root MuiTypography-h6 css-2ulfj5-MuiTypography-root"
      style="color: white;"
    >
      The page you’re looking for doesn’t exist.
    </h6>
    <button
      class="MuiButtonBase-root MuiButton-root MuiButton-contained MuiButton-containedPrimary MuiButton-sizeMedium MuiButton-containedSizeMedium MuiButton-root MuiButton-contained MuiButton-containedPrimary MuiButton-sizeMedium MuiButton-containedSizeMedium css-1ntrnb6-MuiButtonBase-root-MuiButton-root"
      tabindex="0"
      type="button"
    >
      Home
      <span
        class="MuiTouchRipple-root css-8je8zh-MuiTouchRipple-root"
      />
    </button>
  </div>
</DocumentFragment>
`;
